// Jest Snapshot v1, https://goo.gl/fbAQLP

exports[`Btn renders correctly 1`] = `
<button
  className="sc-bdVaJa gApSIA"
>
  AA
</button>
`;

exports[`Segment renders correctly 1`] = `
<div
  className="sc-bwzfXH iCiuHk"
>
  Segment
</div>
`;
